{
	"wallets": [
		{
			"name": "integration-test.wlt",
			"label": "",
			"address_num": 4
		}
	]
}
