{
	"hashes": [
		"66687aadf862bd776c8fc18b8e9f8e20089714856ee233b3902a591d0d5f2925",
		"72cd6e8422c407fb6d098690f1130b7ded7ec2f7f5e1d30bd9d521f015363793",
		"07cca67ab4acb733dc6dcab27d7bbb33e5dc504fd5c6ad0b820b5ab37fa24766",
		"25f21ca75be346049ae12479dda94d1f7d046fa2975e843ae9ba4d3772ca473d",
		"18927534b0e0bd3cceaf0dddca3dfbfad125ab8a9897cb8cbdb4bf1713ad596d",
		"e07cbef3551c6b02c0bd28223899da167fece65c1a54f1d36848aee5b26670e7",
		"f453b692bd39aeedd4a27a805c12fb575700c414275e3f6b0c3463ba587f4d77",
		"6927aee18feaafea8a8c693db3955cef4944cd6344523401a33275d6588dd071",
		"2cc638f2e9dd15a33931a7e86fb4f7a7747570c03a37d6c95b197ac743f57e05",
		"ce2c5b36461f842e40c3905b62f728244d1c7a806a18466481431fea3b46abbb"
	]
}