{
	"seed": "fb",
	"keys": [
		{
			"address": "2mhfv7Nmstz4sDUjs3LW5cSJYVnBN4DwyDZ",
			"secret": "6f8dc75422b7738a8bcd44cb66c69e7eaa629437215340e57a3eb7b5b3cf07f8",
			"public": "0307d563fa6024c1797a4ad778c6962c02d19c9ca379e9a973aa71f20b2e51f088",
			"signatures": [
				"3bcbbf9eec6fa068b85dbe23840a35998ddcf2a247931cb2ca3293f2bd0d78066308da254ead7ae02c0168a51d65fcb9c645f14a38665b3ea7144a0bb6ad5a1301",
				"053d526064cea037e7ee717080af407c58f43f04128661b95fcf52be78861c1a009f1163f73f889175287e5cd1b230e74785d342a63819aaa00bca5b483f225701",
				"2abd9890f0209d264e058ecd60b8d993111a78191c35bbbae2086e17a79ef7c9143371475753985c0eff406142f273e1e5b2443bd07d5cbf168138501a9fbcee01",
				"4cb6a2a964c1b76117dc4f84ff0451a51abf43f0551405285408f6398f9a2af363a1171e62f8adf6db270a0ae229704dcf238a7c36a3cd12d4d28bd8604e85a701",
				"a8357284bad8240f03f8f4396e4df46498e41205cbc4fd4b862b580374169d2f54db31ca615a05082d630ff36119972b28b2d1daaab7d12b421e7a7ac34e765d00",
				"34df8660cc273f77183a6cf2fac218c171ba9965692b0ee8dbee95371e56a0ca6eafb76baa035e97550101d5976f71510a9a42d1228b3481c3cd93083441b38201",
				"640414d7f41931de4abaee06f0069899e0dae345af09095051b8dac6b378d4ac35a5e8874065576acba75d1371b0b689151e1837922be6388c6412ca44d128ea01",
				"5341de9c9f6ff8c4010c8ecc67c98cddea6b389b52aa9818b55c8f5fdf05f8007199f5969d44150cdcc5d8ffd722ca98164f74233117f7eb8bb91d2ed7cfd92800",
				"221a48b3183b63ee138a3ce7b8450cfb9485384b674bfa9ab8376388c9f48bd76558ef4e905c0d5207f445d395476b0a144a056790219af9bf0d9d8dd7dfea2301",
				"6290f6850ddf0a75799d58a88d9998fdc9fba7d1db2f228407b81ac397a60a4761c72da18ca1282eed5b1af6db15460f59848121bcca45ca94d5f3647875ea1400"
			]
		},
		{
			"address": "2mhfv7Nmstz4sDUjs3LW5cSJYVnBN4DwyDZ",
			"secret": "6f8dc75422b7738a8bcd44cb66c69e7eaa629437215340e57a3eb7b5b3cf07f8",
			"public": "0307d563fa6024c1797a4ad778c6962c02d19c9ca379e9a973aa71f20b2e51f088",
			"signatures": [
				"5f18aedf3b0aa984e4bf2b49807a10f03dadba608fce23a755cc2308026318d40a02178ddf9901ae74d2f9f826edb166595d94a583b50625e13c101f46e6046a00",
				"177d97577cb5d97a176654af1a9f2ae5fc4c16447e0a25e2bfc1edb9335ef52e37942671772b67ee0159c25e6df6d008f4601ffdfc0faa1c74a16aa80c3103d200",
				"1ad1ab2c33eb31a5b7a78a6429217d122b82f81e79d458b304a55c860364a9e13193b77eb83bbc0c0fc9bce4cb341bdd753f5623002aaf1bd24d685cf1089fcc00",
				"a5acf244b58ec96fe22e9290ab593e9d44b5b35e81fe37ac6892746596a3a6f54f65062aa2aa10bcb01dea72ea0e08865d4e642689ca61d44897fa03f4f12ca800",
				"119406286ba1c9a753f8447b2cc148d93ad9917903e545ae470175ee1abbc7e821ecc3390bc1dd2010232b97683eccb463c923a72d5a6d64502af8555237ad4501",
				"d3023885762f22b8e5061d17ba90608f1cba4a9e883c6fcf6be379f10f62285c20302f6f06bc51ec24a08dde8a7c66dffc182f9d248ebf9d48ff9fc611ef737a00",
				"5f72afdd88983272fc1ed8e9dd9dd308065e6fbf86761aba2f80a7718be347b83ae94f5a814d381108afa041289505b3948a6eef957ee6af830892ba4a5747b901",
				"0516a8ec8650a35368fd5c09855fa5143fb519ee804b17328342acdf7e47bdd43de4a53edb54d4f5f70ea9aacd339da5c9f16f1a66416d1666ab3449b9dda25e00",
				"32c58707f563374bd6b12cee008ab6bb5d9b6814c6839575784fd201caefbc792ff50fa5a5a443c956d4cc5b4749bb6a05959be024071e6980f295543e0dfc6e01",
				"9a7b799a7ba2933619964100648b3eb89f7dac62200733ff95631fd0c93ab9664677787db7706e7c43d96c70d5a9e6b274942e3f1afa7ec6fb6bca354e35d12d01"
			]
		},
		{
			"address": "2mhfv7Nmstz4sDUjs3LW5cSJYVnBN4DwyDZ",
			"secret": "6f8dc75422b7738a8bcd44cb66c69e7eaa629437215340e57a3eb7b5b3cf07f8",
			"public": "0307d563fa6024c1797a4ad778c6962c02d19c9ca379e9a973aa71f20b2e51f088",
			"signatures": [
				"c1e96f7f6dab5337e485c30b32563a552754ea8ad7b46b49d5069dc8d6ac52e068ba23c749f8cad4f14eb78092500d2bf35cf65030c7497dfc52082b03d8fddd01",
				"50e52db07e5ce1ca7d6a609e1b7e2f8ff4fe44e72a103e25375ef48e45e488001d41348143c0d90c3e1d3a8517636ac3e9941aeaaaa920d42bcf33aa7dbc1a3600",
				"50c8a455f4a7634cbde7e32d14a0da03c7f678254843dd2f8b77f052e9d642b82480437f3b950922d4f0380a54378e264d7434ee56d0c6fc0d38a06ef778c42b01",
				"032e7f5ab9d445e1378bfc8e6169bb97d81a67fab3456217b1b3b9167ba214b140a00438cc79b5fd072dadb7908683a315a979393a13ac93fd7c2a82413706f201",
				"6c7487866442b63fde7dbb2a6ba867620b47263d60e58742bd4923c1996ba65c6edb8386a6c0ad4314a819db67edcf15aa7b1a793d75e9b24cc4e916c0a2a57f01",
				"a43f4fb36ba8841ca61be2ee40817b6b716798f003767197694113a5299d6c9c40e80606ae20096c0c874e11ff9d43f4567cf12b334937387c4560565fb64d8301",
				"65d2264af208e728686596d29d865d14e932b8363ca7fe9b26f934a74ea267c05515adebc5e795b0b337d683e2168ce27de718c5a2546d1616757bfd5044c1e000",
				"94e23153b56e69fc3e086f087f1aa4b45d03fd2c2987986da0cc7dcd48e8d6d24b498fbb1a3270a27401d07d53825df9368e7410296f1b60d588cf011c83d9f500",
				"9d09e75362e38ec7f2da3b2eff6317fe48d52aeae770af94f9af515fe4753da171fdc3a071587b0cf251e5dacbad49464d908159f792ca286d46bb24d1bdff7d01",
				"a3b6920890ab2f716d0f6eaac0480dd237e7d3c81e44a618b1817d3bd1a566446cebb44dc0976e8715bea16c9095e254b79eadd7307470d3ae23958d1475442a00"
			]
		},
		{
			"address": "2mhfv7Nmstz4sDUjs3LW5cSJYVnBN4DwyDZ",
			"secret": "6f8dc75422b7738a8bcd44cb66c69e7eaa629437215340e57a3eb7b5b3cf07f8",
			"public": "0307d563fa6024c1797a4ad778c6962c02d19c9ca379e9a973aa71f20b2e51f088",
			"signatures": [
				"05502b8dbd3fbb041209a3b62f71d5202bc841eca7a1e6f03e6ad2e8b82f036275ea5d4e1a9d3ae9a5f0923d0bc2b761784b32a3efb512ae4a19a4e4beb1dd0901",
				"ced3a22ea9ffca81a52eb65175cd04e186989976c9df17fa4c898fd94cc342a630dc47091d324919d8dca4c6ea8ecc3afcdb151d578b6298d1d5be349b1f882800",
				"f24e98aa776119e0a5f1b835e9f88b3eb9a4d214e6f68990c242acbd056e49c8173b1b542c4a6deec38b5541f6230363b21250bd91db95b057d92d3677d664c400",
				"1a52c67112933b41bf4a91e01423980a4337f117a03c41ccdb416b696d8d56e9411083a9194cfd3a75f8da793fa4728cef596cd559f87f8712d73cd284c92ae700",
				"7a1d196be8c77bb2cc95a47bde5752cd5c1f9d459ed22d53a08d535d2867789e55169bc4643de69e5053f13d50f890b7e2cbc0d67637b0f316bb3e7d12a0fc4401",
				"3f01b9f9288c2d2e4dd11b35643488d7346ffef03bff2b2046becec8fc39cf4766b3c573ddefb72e9cc5d35c0a4717668e47043c2514319e1f2fe8d1d87d573c01",
				"eabf89b46efdb142877634fa3dc27f21f0594aa95309d85c604d4ff462fd4b295777d9d75bf87bee67ac4ab34fb8ce2c06e352062d4e849b1b2748e25787b71400",
				"26936395d4b6e7766236a0ca3c7031933ef191178730a3aeb1c5d5e9691c1d1c35b1097482003eb073af4c688e9869f187faab2773a69049bf6d3d469de6abcf00",
				"537d50a5e6a9c31becd5cd1a4b4a32e6ad2f3843a9d44fa77785cae009ff264274d082ecb766dac8467d26a493ff44bd5fa9cb7c3138b0e187d97a5d2b95545801",
				"f59d26bcd4a63deb019445f947ad7c83b219f7821db1c8d1e3fe408ff4f6669267b272a6c3171bf3b0eb8518887f1308f7802f925a9211eaa2eec1b8ecc395c700"
			]
		},
		{
			"address": "2mhfv7Nmstz4sDUjs3LW5cSJYVnBN4DwyDZ",
			"secret": "6f8dc75422b7738a8bcd44cb66c69e7eaa629437215340e57a3eb7b5b3cf07f8",
			"public": "0307d563fa6024c1797a4ad778c6962c02d19c9ca379e9a973aa71f20b2e51f088",
			"signatures": [
				"e6309c6bcfaddc7a5fe425825791f7672ca3c1e999db90b92f9170aae9b1caf65eb9f4fd90d1d7569254d8d7f9774564c6f40d80f2778a7b67e2c8c70f69a19501",
				"51b9a9b10a36aca07fdb05fff07fb5c121eb0663afce357fc08f109342b75bef25f03217dafc6a408d758f5459d6ff473be04f0730d9a0c21752be2f3d5478e200",
				"5ce301736b15a50a5d68db9d661bd856450b2712b6c758a039d3282f33058dec497ff1438c287893f9b7b47899dd92f57cd8c619adb2de37fc38b133fd40032900",
				"83ee71492b51513417b0b670c41ee24d6065f40793833b198fdae08a660267f353599e3c724a944a0ea5ff16888f3c8a28ada57f3b77612864ef3c1a49b3e25e00",
				"45943aad21fa2a33bbac970b704d3b1f7f64edf7a35a3bf08cc61b069662aab24665b7cc950f1958707f77fb22155b45193bfd7dfebdb8072e127b568b32147e01",
				"efb5607bd04fc1f7d82bb58c2f4370e0877fc55afc3492d333721005b805ebf7765073e27ee346ec3fe3545d123f1cca83767c8d30b3791a9f378e6698d7a84801",
				"28ff98bc7f17c1e50e0dae75058c0126f8a2062defbfe1533ad184176038a0251261e454d6e9dabc147f45d216068acbe74b60024493ddf1832026ca354dd53301",
				"39a28ec9f859759b5b81f373afeed9ca4aafa785a7ec80eab9fd82447519e96412dcc98e24d633b2665f754ff829d1e049707cf2df3ebe407a168b5e1de74dc800",
				"0db631d7a8435cd90d9e5a1528b8c04b5ce030aa12cc10d8de542f959e92e4dc03b583aba55f38c5ffa36dc4dcd955ab66c52f5879816dead5bb698506cf22a200",
				"c0b5eb4055e0cf3fe502e87916fc5cc2ae633449103bdf76e0df5441b5029ee36f721432012ca7de1cfb797e64a9237b871c8e8990b7e29eb688fdfe16b9755d00"
			]
		},
		{
			"address": "2mhfv7Nmstz4sDUjs3LW5cSJYVnBN4DwyDZ",
			"secret": "6f8dc75422b7738a8bcd44cb66c69e7eaa629437215340e57a3eb7b5b3cf07f8",
			"public": "0307d563fa6024c1797a4ad778c6962c02d19c9ca379e9a973aa71f20b2e51f088",
			"signatures": [
				"15ad427c2afda173d90913317d74d4b2c077222c76121c51e8081c23d15aafca1ec59e4604f4bd0d6e43e7faf45713cc38f93d808fcce70c5f913b538b88212d00",
				"19a1dc8fb67773365c3fc5a57f3e036cd7c9286b23c9587cc296403651af205b2ac47dfa4031443be9a2973d7ede4426596519804c7a5c84a6956ed7c49f35e801",
				"5ddf104506af39e75695a7eb87441609ab0d7c2977c5e5321b7695981fdf28ef0c8d4380744e954d8291ccebdaf8e3ee2df59529f8eca5b1084dd9719858f70700",
				"90e123dff6d9f69b2974d08ed661609de1d296f234a788f2d3cf592e38eb3c204f216d7e2b97123dc365d39b56cb1400aabd29f66202564c9c5c31cb919fc4e700",
				"17fcf2d394a2126b0bbb3599ee4622613b064697db7dc8456b7126c4ddde0e342f3259a1d0ed1f6a6ae8f802e83db94fb57629e54b80d7bac579c881fdcd9a8f00",
				"93d71c1ce294dd7b3ed79af5786ade3f12f9147b12820ff30e34b707b9e364f031e06ff838fb1ea652777677361129afbc618092ed6dca1bc14dbd7e9812951601",
				"eecf4ef020cd5cfb2035a2399350e2ba89b707323abe6296950bbe712fb51b856b2af4c724ca7a6b75d0cf4003ff98fcc5cc9d7bcede347c525c135c8cf12d4d00",
				"158cb28b5529835aac85506842fa811d821b4e5cfe76ae2e62aa5ad7e3111dad58c2529537cb855d9f486b0286260b805cb1d29f20b7dd8c759f598195e4c09301",
				"0f1ac9e48e63136dcf7965e90356a16e08c1aa1f8df2fa911ae2e85d35aafa886dc6c4a547c1b07d41a97410b46589be45b3e76dfbdff791463a7985c710e5df01",
				"9beff0568c9cbb4ed588644a8f16ea985af71c410ce2418da466231e2c36fade5c173e71e44972632428a1a0050ff2acdd20ba47941942346ed9fb61a67f876001"
			]
		},
		{
			"address": "2mhfv7Nmstz4sDUjs3LW5cSJYVnBN4DwyDZ",
			"secret": "6f8dc75422b7738a8bcd44cb66c69e7eaa629437215340e57a3eb7b5b3cf07f8",
			"public": "0307d563fa6024c1797a4ad778c6962c02d19c9ca379e9a973aa71f20b2e51f088",
			"signatures": [
				"38e8a352967c135df6f38d1f8476482821a15599b36de03b9f3534afddacd6a601dc674371474ace96175a7f1f4ebbed5eb01e07026f6f03d4510f247e0a037301",
				"6cd59edbff7fa4fab898a0060b441a0aa5ea0bf551f3e5e09e3b495ab5acb39f4a9304fe8a51df1916701b63079c68f5df96b68ef3fa34fbbae6b69f93608a1501",
				"e02bc8d4042c03c26f2285e8fc5a290fce18f670e3f57c896a9204d0517626ba53d08f01a3758d78ae7565f7ba22c18d407fd9f0319c52adf8c87acd215e36fc00",
				"c0eeb0dd2475f8140502cb71be221feed5a4c0917bb5bb00c18ce061680e77e2386d688af266a21d4180830a8a37fbb3e166d2b6fdaab074cd7b10d54e7c4f3101",
				"6ba5e7d58e4307671d166f8a39eb11161f83a9902ab01a4ca99525d683648d73070c48efb14da8d30b89da207c7021c48b24e7785765e451112d375e4a93334a01",
				"7f8560d739333aec1b4af03613f578ccede4d7394298bbff8028aee2cfc579ac63639bb600200d4d9314368e9c3e6947858b1197975b55407afefb8f10ef38fc01",
				"a0af93271a50639d43707747a6a86040e48d3cf470e917adbaa4babc89d85fe818d3d5f9dd854e5133e3ca9c19e91d93cbe8442a59cc63e31aadd6c6c13e51f000",
				"de2f3c86161e91acf4c0a56f776eebcc7bf01c53a468be209ff839a11065455976481828012ca167bae2d47de009ea2ec3bc50f722266287ff79bb6491d72b4100",
				"90498d2559b80c604f8a670b424cdd4717900680a98c2ecbd5ea3e42c910c82573c6d8ef442a8322a3673eb28db133438821183397d9f93dbf0ccc6c90c4261901",
				"f3e9371bc2f053664b283573171be7785ccea6d40258d0851fbd54a7450b089f3a330c7c1b71dbd1af71609c8534458fc267156c38bb5712a5d3c74ba7de737701"
			]
		},
		{
			"address": "2mhfv7Nmstz4sDUjs3LW5cSJYVnBN4DwyDZ",
			"secret": "6f8dc75422b7738a8bcd44cb66c69e7eaa629437215340e57a3eb7b5b3cf07f8",
			"public": "0307d563fa6024c1797a4ad778c6962c02d19c9ca379e9a973aa71f20b2e51f088",
			"signatures": [
				"ba603b436469f5b90d1eb379b79ab6dfb999297e1db32be7314e45877b9b182744add94f228158213684aed606ffdbe7bb0c62fcf178a6fd0fc36a1b7c6c75b900",
				"eec29bfb019f9dcdf60cb4057de51419dc9357cab0ee50f8f62d19e464a1dbe46df6e68e7fdc8765b05d4430e40d36402f8824b9cdb02ffadd8d74f12584b02001",
				"a879599b71999544991df2290ae2b8a036aba5310a462e2245bedd58c69cf86058af3e6e736fb7863f26178c79aebf8c5eecf765e14e7afdc46dc8a1897af31b00",
				"ee7022fb5ca12fa65de7bd4dac40cc9c6fe3df7f30be5843200042b6ca49a2002f8432ae91cbc4b46211877da3e35800e4c0ea8ad637b60bba098c7d4500488901",
				"c758b1a21e11cc631c336525540e63935c6404d8d74ffdb3b7e3ff463988503101c94a615645560c52742dea2d7f315b1a51539700a600056399f5691007073b00",
				"2c72174b64d70fb102f72b63a412fecb9d678ff44864d04d32edf682ae0248b64eb1e721f380bee149980eb067d183d1022ce0892b2c1795df73964d0d7bead200",
				"0c0cd2ff26c19b8f82e6bca61b55ca671ac5b59bc26c07068ae96921dffaf38566e79c62ee9ec3e40a5d6059080e2c3f7fd1ca44c7417234d25551840af597da00",
				"cda99010301a8162e5410b15b94825780fb0b0c492fbe41926b76f7c7365f59729b49f363819cedf8e981b735533f600a8f9b9eacfa5ccbb9620a8922357a35e01",
				"d8b5d52997a2c5dfb911dbd232ad150908320e6d0881a31f340e284007410f8b4dbaae1bd83dd3640127b1471c77bdc154a256df71e96daebe45efca41a7fe2e01",
				"6dd3f0ba5874b40e8756b5fe84cffb39dd94587fa0c21ed609c71e6216b1216012dff90dfb722c74e989f867bafdda3eab0bfba84c076dbcb2c4dcbce13be64e01"
			]
		},
		{
			"address": "2mhfv7Nmstz4sDUjs3LW5cSJYVnBN4DwyDZ",
			"secret": "6f8dc75422b7738a8bcd44cb66c69e7eaa629437215340e57a3eb7b5b3cf07f8",
			"public": "0307d563fa6024c1797a4ad778c6962c02d19c9ca379e9a973aa71f20b2e51f088",
			"signatures": [
				"367e5138c333cbff86f26e736bf1b9456ab0bf90194b0526b757d81dc588481a5265667652bdd983c44d1183863471940907d45e56c1523de264b8602489211f01",
				"7eb127287a805df55bc484ef9e1e185e69dc94a6da67209f1c583b6f30502d855c5cef7e2d186a1dffc57fd9d2c9518f4a47226827e27c3eee55656dc70535f601",
				"96c5775e447dafd53141ce150fef0d87def5dbaa3b28cf1a79112b7c9ca9ef8b00d00d9c739fed50ceb3bc0b83076fd5b336bd1d7203316023203db3ee1fcb2e01",
				"79cbcf5a76cbca2718fc73c2dc4960efa8d9e141f5ab72a2060eaddf6eff38e0734e660b30aaad0b752d6380ff4c59de8c90f8a3238c6c1cde6bd3e8773d5ced00",
				"ae323f049548660146e8949c6d0a0abf1945d698cf7e871992ea981847f1d9136da6596139a0428875ecc59e72955ccf51f75470c7514588c85baa0c86298ccc01",
				"7363c9b3ace80613d69001b2e9796acb6bc1d3d351f5f2d026acdddcd69283f3379a9aed55d98d3427ea29ce2a1e228a341c61fdbc58b91de5911068f47da1de00",
				"3e5e11da069ed5cb2ceb1e553fc253422930ede29f865e47aafd1e25de465cb237192fa25a2b2b38277544452bfb2b8419f779d36694e0870f2d8c2c5613b08b00",
				"5431caa608da153617d5e3fdf1c698db20bad17e2fd1c165ac0b5f751eddcf8b59daaa77e7e6b869bfc001df5154aab8aa465f73c6d5bd9f4e31131ce45a0c0801",
				"ed97169fa2cbe56a566219ab6da64fc1f3788c8086fee459c2fc214105df3df32c627503c0de2cf015d51aa691863e238003253d94d776f327debefbfe56e67500",
				"3c7b1846a41c75f4fddcfab6784cd1eeca6c3611a337a78740293f50b3a2b9596147a42703ddc274216780873a066c81978d07b47652968a654e288a0104286d01"
			]
		},
		{
			"address": "2mhfv7Nmstz4sDUjs3LW5cSJYVnBN4DwyDZ",
			"secret": "6f8dc75422b7738a8bcd44cb66c69e7eaa629437215340e57a3eb7b5b3cf07f8",
			"public": "0307d563fa6024c1797a4ad778c6962c02d19c9ca379e9a973aa71f20b2e51f088",
			"signatures": [
				"dd327e6f92d919ea057aec72e6d4b5e3ecaed6fcbc502b61d72e292a13a638b420d17713d35620491c7401d8c8e9033f1bbdb146f6acd97873d3532e990b5baa01",
				"1c46b6e5e7fbb04aa9232912ec32065a4e06de58cd022eae56d4f14151f8cf694b83a970854a64dc500c35c1998a1d2d0e8c2125961cd1cf777e6ac971c74cfe00",
				"6af4bcce0591fa10c0922d920a8720490f732486cdefe460e020d0324774f4eb333c6cef63bf4bc9799b518c338eba20069e7fc11ff068df6e75f684df8b2f8900",
				"4c2fcec3f4abecafc0345b4a4fe7892f90024f3a3c913a010904b262765228e7508cc14cef0803f65ad141ac19d804fd81e1107afcf7ee0c202de47956ede75a01",
				"19d0703f0840a1d00ad7c3dd5dbc73422e13047f56e097c301d124ee2e409bfc42ba74f9d1a598dff7136213b2a5d7a97e5041724ad7b8e3ca557f438e48595500",
				"bcd610f6dd0caf65e810e89ed8798db2efcf9b8e0872373f15f58dd2079ffb3206794ef0f0b4a5ca392c1dfde8a7ca7c9dd91930ed68a0d839183d75259429d300",
				"6793591b0570e0a05a5052c8d13ff7d8a97e34b3da03bf441eb0b05dc104d29917400288c2081a719fd48c08d0dee75b52705c3b7968ed3eff2fd11950d3fc2f01",
				"a70fc7a137e94c26cc9b283a228d3941734482ad0b6267307908471fcec2a451336fa41c88d242b21ef8770d368d5f7d14f5558049081ca913f8615ee1ada5e000",
				"33a1e67a7f7ecb2af444d6e9bf64b1d3ab1c890a8e1e2c3056431c0deb75104a6921db7b6eb1a2bd3beaab93f83de40c7d01e3b170a19e4af479bef10c3f829f01",
				"8692395108aab9c5573b09e52a6b3ef91ad2cd2112ba53e5f0f08a3058eac3722474f07512dd856eaae60cf6779e3dd715664cd0f921e8b6512bac6359f14d6501"
			]
		}
	]
}