{
	"meta": {
		"coin": "skycoin",
		"filename": "",
		"label": "test",
		"type": "collection",
		"version": "0.4",
		"crypto_type": "scrypt-chacha20poly1305",
		"timestamp": 0,
		"temp": false,
		"encrypted": false
	},
	"entries": []
}
