{
	"Addresses": [
		"utZBndddJYEGHBV9QQZ7xcwFNLJRSK8PES",
		"EC4mckF5fhQz5NvDYNiYpZ1Ad3ypL5i2Ce"
	]
}
